4.projects_machine_learning/08.Avocado_Price_Predictions/dataset/avocado_Cleaning.csv
Date,AveragePrice,Total Volume,size_small,size_medium,size_extralarge,Total Bags,Small Bags,Large Bags,XLarge Bags,type,year,region,Tahun,Bulan,Hari,ratio_small,ratio_medium,ratio_bags,is_organic
2015-12-20,1.08,331377.53,251774.15,20702.45,103.06,58797.87,46930.26,11867.61,0.0,conventional,2015,Atlanta,2015,12,20,0.7597803930761388,0.0624739100445344,0.1774346920866964,Bukan Organic
2015-11-29,0.99,333280.79,250288.65,28889.63,307.83,53794.68,33031.72,20738.55,24.41,conventional,2015,Atlanta,2015,11,29,0.750984327659569,0.08668255377095092,0.16140948297680163,Bukan Organic
2015-11-22,1.0,356414.57,269799.03,29732.3,501.16,56382.08,36992.3,19389.78,0.0,conventional,2015,Atlanta,2015,11,22,0.756980922525137,0.08342055152234658,0.15819241059645794,Bukan Organic
2015-11-15,1.13,339860.68,263915.78,28442.45,455.97,47046.48,33656.42,13390.06,0.0,conventional,2015,Atlanta,2015,11,15,0.7765410814807998,0.08368855732295952,0.1384287232050498,Bukan Organic
2015-11-08,1.12,334041.6,250441.38,34483.33,488.24,48628.65,35662.93,12941.12,24.6,conventional,2015,Atlanta,2015,11,8,0.7497311113346362,0.10323064552438979,0.14557662877917005,Bukan Organic
2015-10-25,1.09,358478.08,236814.29,64607.97,304.36,56751.46,31826.88,24924.58,0.0,conventional,2015,Atlanta,2015,10,25,0.6606102387069246,0.1802285093693874,0.15831221814176197,Bukan Organic
2015-10-18,1.09,349072.48,228710.28,59731.79,291.22,60339.19,36884.35,23454.84,0.0,conventional,2015,Atlanta,2015,10,18,0.6551942450461864,0.1711157235884078,0.17285576336467431,Bukan Organic
2015-10-11,0.95,433874.46,255933.32,91047.32,599.71,86294.11,41159.96,45134.15,0.0,conventional,2015,Atlanta,2015,10,11,0.5898787405001898,0.20984715256113484,0.19889188683749673,Bukan Organic
2015-10-04,0.96,418682.26,265797.09,92780.33,644.43,59460.41,14875.64,44584.77,0.0,conventional,2015,Atlanta,2015,10,4,0.6348420159956145,0.2216008148995852,0.14201798280156414,Bukan Organic
2015-09-27,1.07,370321.17,262107.44,61870.63,680.8,45662.3,20533.87,25125.65,2.78,conventional,2015,Atlanta,2015,9,27,0.707784110749056,0.16707289513046203,0.12330458990502759,Bukan Organic
2015-08-30,1.15,382972.72,275818.27,44839.12,1034.09,61281.24,47138.07,14112.5,30.67,conventional,2015,Atlanta,2015,8,30,0.7202034390334644,0.11708175976607421,0.16001463498496707,Bukan Organic
2015-08-23,1.12,379054.29,274462.42,46223.69,950.09,57418.09,45534.11,11883.98,0.0,conventional,2015,Atlanta,2015,8,23,0.724071530756188,0.1219447747181545,0.1514772197935024,Bukan Organic
2016-06-26,0.85,606856.8,272203.41,82764.12,173.96,251715.31,199572.08,52123.23,20.0,conventional,2016,Atlanta,2016,6,26,0.4485463621730859,0.13638163072408513,0.4147853496904047,Bukan Organic
2016-04-03,1.03,423485.95,253540.83,69327.44,1349.18,99268.5,62657.11,36611.39,0.0,conventional,2016,Atlanta,2016,4,3,0.5986995082127281,0.1637065881406455,0.23440801282781637,Bukan Organic
2016-02-21,1.04,417205.77,270173.33,61591.16,1996.32,83444.96,55736.39,27708.57,0.0,conventional,2016,Atlanta,2016,2,21,0.6475781243389803,0.14762777609715225,0.20000912259674644,Bukan Organic
2017-10-22,1.49,406008.95,219172.21,35958.88,894.35,149983.51,95710.09,54265.29,8.13,conventional,2017,Atlanta,2017,10,22,0.5398211295588434,0.08856671755634943,0.3694093689313992,Bukan Organic
2017-10-01,1.55,421235.13,222683.91,45065.96,366.89,153118.37,101913.35,51196.55,8.47,conventional,2017,Atlanta,2017,10,1,0.5286451535986564,0.10698528396717528,0.3634985761989984,Bukan Organic
2017-09-24,1.5,403780.43,222498.3,45024.88,34.48,136222.77,88241.47,47954.41,26.89,conventional,2017,Atlanta,2017,9,24,0.5510378499522623,0.11150832644365652,0.3373684306592075,Bukan Organic
2017-09-17,1.59,392935.2,204374.88,47135.66,92.68,141331.98,90750.39,50425.52,156.07,conventional,2017,Atlanta,2017,9,17,0.5201236234371469,0.11995784546663166,0.35968266523335146,Bukan Organic
2015-12-27,1.13,450816.39,3886.27,346964.7,13952.56,86012.86,85913.6,99.26,0.0,conventional,2015,Boston,2015,12,27,0.008620516215038234,0.769636392323713,0.1907935512282506,Bukan Organic
2015-11-29,1.19,350559.81,3609.25,272719.08,105.86,74125.62,73864.52,261.1,0.0,conventional,2015,Boston,2015,11,29,0.010295675365638747,0.7779530688358144,0.21144928165039797,Bukan Organic
2015-04-26,1.28,465911.37,3915.3,352464.49,131.46,109400.12,106866.42,2533.7,0.0,conventional,2015,Boston,2015,4,26,0.008403529624099966,0.756505448665054,0.23480886504229334,Bukan Organic
2015-04-12,1.26,408485.16,3575.89,294164.23,106.09,110638.95,108644.33,1994.62,0.0,conventional,2015,Boston,2015,4,12,0.00875402670686984,0.7201344352387244,0.2708518223770969,Bukan Organic
2015-04-05,1.27,449818.01,3657.54,330424.74,99.92,115635.81,113541.34,1948.64,145.83,conventional,2015,Boston,2015,4,5,0.008131155086475973,0.7345742781619615,0.2570724324710787,Bukan Organic
2015-03-29,1.19,453631.25,3619.31,339299.3,151.36,110561.28,108838.11,1723.17,0.0,conventional,2015,Boston,2015,3,29,0.007978528816081343,0.7479628001818658,0.2437250079221835,Bukan Organic
2015-03-22,1.18,453173.22,5956.18,344396.92,155.94,102664.18,102204.17,460.01,0.0,conventional,2015,Boston,2015,3,22,0.013143274441503849,0.759967502051423,0.22654511667745944,Bukan Organic
2015-03-15,1.25,417750.36,6085.75,308996.7,111.59,102556.32,101931.87,624.45,0.0,conventional,2015,Boston,2015,3,15,0.014567910845127699,0.7396683033379075,0.245496664563018,Bukan Organic
2015-03-08,1.17,408403.96,3425.53,290512.65,78.96,114386.82,113811.26,575.56,0.0,conventional,2015,Boston,2015,3,8,0.008387602314140147,0.7113365159338808,0.2800825437637774,Bukan Organic
2015-02-22,1.23,355432.28,3232.68,251341.3,142.33,100715.97,100498.19,217.78,0.0,conventional,2015,Boston,2015,2,22,0.009095065873026501,0.7071425814222613,0.28336191074147793,Bukan Organic
2015-02-15,1.2,399883.99,3794.97,281106.45,143.41,114839.16,114283.61,555.55,0.0,conventional,2015,Boston,2015,2,15,0.009490177388697157,0.702970003875374,0.28718118972454987,Bukan Organic
2015-01-25,1.17,409343.56,4730.77,288094.65,45.98,116472.16,115538.05,934.11,0.0,conventional,2015,Boston,2015,1,25,0.011556966964375841,0.7037967080757299,0.2845339987759915,Bukan Organic
2015-01-18,1.23,401331.33,4383.76,287778.52,132.53,109036.52,108668.74,367.78,0.0,conventional,2015,Boston,2015,1,18,0.010923044557722418,0.7170596922996268,0.2716870372417723,Bukan Organic
2015-01-11,1.1,437771.89,5548.11,320577.36,121.81,111524.61,111192.88,331.73,0.0,conventional,2015,Boston,2015,1,11,0.012673518164905471,0.7322931584300673,0.254755073469884,Bukan Organic
2016-12-25,1.28,447600.75,4349.63,346516.32,4183.69,92551.11,91481.59,1069.52,0.0,conventional,2016,Boston,2016,12,25,0.00971765574566173,0.774163850261645,0.2067715704229718,Bukan Organic
2016-11-20,1.39,475677.35,7917.9,356867.57,4915.71,105976.17,105940.61,35.56,0.0,conventional,2016,Boston,2016,11,20,0.0166455266369105,0.7502303189336218,0.2227900277362376,Bukan Organic
2016-11-13,1.56,397601.1,5233.97,314434.8,3726.92,74205.41,74205.41,0.0,0.0,conventional,2016,Boston,2016,11,13,0.013163872031541162,0.7908298040422926,0.18663280861144502,Bukan Organic
2016-11-06,1.62,366175.49,4016.72,284809.54,3370.17,73979.06,73804.06,0.0,175.0,conventional,2016,Boston,2016,11,6,0.010969385198337551,0.7777952041519763,0.20203170889455216,Bukan Organic
2016-10-30,1.67,376500.91,5542.76,304461.49,3787.66,62709.0,62705.31,3.69,0.0,conventional,2016,Boston,2016,10,30,0.014721770526397933,0.8086607015106551,0.16655736635536952,Bukan Organic
2016-10-16,1.6,453605.17,6472.04,345051.11,4742.43,97339.59,97339.59,0.0,0.0,conventional,2016,Boston,2016,10,16,0.014268003162309636,0.7606860168723385,0.21459100653548546,Bukan Organic
2016-10-09,1.49,468135.46,7435.21,366648.78,3837.72,90213.75,90213.75,0.0,0.0,conventional,2016,Boston,2016,10,9,0.015882603723289836,0.7832108680679734,0.1927086446303384,Bukan Organic
2016-10-02,1.59,459163.77,20871.74,340342.71,5003.77,92945.55,92945.55,0.0,0.0,conventional,2016,Boston,2016,10,2,0.04545598186024128,0.7412229192211747,0.2024235274486051,Bukan Organic
2016-09-25,1.53,483057.37,40864.15,338301.37,6515.89,97375.96,97375.96,0.0,0.0,conventional,2016,Boston,2016,9,25,0.08459481738162902,0.7003337305463324,0.2015825987708251,Bukan Organic
2016-09-18,1.45,489600.6,39970.65,346155.69,7080.02,96394.24,96061.7,332.54,0.0,conventional,2016,Boston,2016,9,18,0.08163929946164282,0.7070164742445169,0.1968834188520194,Bukan Organic
2016-08-07,1.48,525387.25,15830.01,335033.53,8735.44,165788.27,165457.19,176.08,155.0,conventional,2016,Boston,2016,8,7,0.030130175408710432,0.6376887334056928,0.3155544220001532,Bukan Organic
2017-12-31,1.4,419696.59,9622.52,325398.02,2061.91,82614.14,65868.23,16745.91,0.0,conventional,2017,Boston,2017,12,31,0.022927324713312536,0.7753172833736867,0.19684253331674673,Bukan Organic
2017-12-24,1.45,414147.94,10726.67,312860.91,1638.5,88921.86,75107.0,13814.86,0.0,conventional,2017,Boston,2017,12,24,0.02590057552863839,0.755432732564117,0.21471037620035005,Bukan Organic
2017-11-26,1.39,423778.0,10677.0,304833.0,2073.0,106195.0,65656.0,40538.0,0.0,conventional,2017,Boston,2017,11,26,0.025194795388151343,0.7193223810580068,0.2505911113837906,Bukan Organic
2017-11-19,1.36,476236.0,11494.0,341486.0,2365.0,120892.0,77117.0,43775.0,0.0,conventional,2017,Boston,2017,11,19,0.0241350926851393,0.7170520498240368,0.2538489320420968,Bukan Organic
2017-11-05,1.49,440972.34,13002.8,334875.51,2014.44,91079.59,74159.79,16919.8,0.0,conventional,2017,Boston,2017,11,5,0.02948665669143783,0.7594025285123325,0.20654263711869092,Bukan Organic
2017-10-29,1.49,465106.32,14781.17,360615.41,2145.15,87564.59,74278.47,13286.12,0.0,conventional,2017,Boston,2017,10,29,0.03178019597755627,0.7753397330743645,0.1882678996922682,Bukan Organic
2017-10-22,1.48,435243.72,19871.3,328476.35,2432.68,84463.39,81134.22,3329.17,0.0,conventional,2017,Boston,2017,10,22,0.04565556971160894,0.7546952084684875,0.194059985517999,Bukan Organic
2017-10-15,1.59,418233.95,20138.49,331423.32,2218.03,64454.11,57500.31,6953.8,0.0,conventional,2017,Boston,2017,10,15,0.04815125601353023,0.792435238698341,0.15411018163398738,Bukan Organic
2017-10-08,1.61,451608.73,16621.16,322931.92,1266.34,110789.31,76160.93,34628.38,0.0,conventional,2017,Boston,2017,10,8,0.03680433724122206,0.7150701449017605,0.24532145337403022,Bukan Organic
2017-10-01,1.62,482271.83,14889.71,366122.85,1797.71,99461.56,71620.46,27841.1,0.0,conventional,2017,Boston,2017,10,1,0.03087410268188378,0.7591628356149269,0.20623547512613372,Bukan Organic
2017-09-17,1.58,462796.84,11826.63,323528.38,1322.39,126119.44,89622.85,36416.59,80.0,conventional,2017,Boston,2017,9,17,0.02555469047714327,0.6990721457821535,0.2725157760368459,Bukan Organic
2015-12-20,1.21,350533.71,238269.18,32386.55,92.33,79785.65,50138.45,29624.11,23.09,conventional,2015,MiamiFtLauderdale,2015,12,20,0.6797325712268871,0.09239211258740278,0.22761191783808749,Bukan Organic
2015-12-06,1.25,340513.61,247061.97,34861.19,83.27,58507.18,25297.27,33209.91,0.0,conventional,2015,MiamiFtLauderdale,2015,12,6,0.7255568140139832,0.10237825736245904,0.1718203862688484,Bukan Organic
2015-11-15,1.22,368996.48,258624.78,42921.48,21.31,67428.91,34369.92,33058.99,0.0,conventional,2015,MiamiFtLauderdale,2015,11,15,0.7008868485683116,0.11631948358965377,0.18273591661362193,Bukan Organic
2015-11-08,1.22,329065.04,223219.98,37562.72,21.15,68261.19,36440.1,31818.17,2.92,conventional,2015,MiamiFtLauderdale,2015,11,8,0.6783460801548533,0.11414983493840611,0.20743981189858396,Bukan Organic
2015-10-25,1.25,307072.85,212163.19,35901.59,42.02,58966.05,33429.62,25527.63,8.8,conventional,2015,MiamiFtLauderdale,2015,10,25,0.690921356284022,0.11691554626206778,0.19202625696149955,Bukan Organic
2015-10-18,1.24,333933.98,224505.79,42454.42,24.92,66948.85,40518.51,26421.51,8.83,conventional,2015,MiamiFtLauderdale,2015,10,18,0.6723059150793819,0.12713417185037593,0.20048528754096845,Bukan Organic
2015-09-27,1.31,318048.12,200219.37,57857.02,40.63,59931.1,35358.56,24572.54,0.0,conventional,2015,MiamiFtLauderdale,2015,9,27,0.6295254001186991,0.18191278728514415,0.18843406463147777,Bukan Organic
2015-09-13,1.26,331077.9,197328.71,64770.61,17.92,68960.66,42655.4,26305.26,0.0,conventional,2015,MiamiFtLauderdale,2015,9,13,0.5960189731782157,0.1956355588820637,0.2082913417053811,Bukan Organic
2015-08-30,1.24,362232.28,212188.58,66569.74,73.73,83400.23,59815.95,23581.37,2.91,conventional,2015,MiamiFtLauderdale,2015,8,30,0.5857804279618591,0.18377638790225984,0.2302396407078905,Bukan Organic
2015-08-23,1.24,372525.3,218751.04,70677.18,63.85,83033.23,58853.12,24165.63,14.48,conventional,2015,MiamiFtLauderdale,2015,8,23,0.5872112310224299,0.18972450998630158,0.22289286123653884,Bukan Organic
2015-08-16,1.24,360308.77,213812.79,61634.91,31.89,84829.18,62035.11,22794.07,0.0,conventional,2015,MiamiFtLauderdale,2015,8,16,0.5934154475340692,0.1710613649509558,0.23543468009396493,Bukan Organic
2015-08-02,1.22,371660.15,219518.15,66230.77,66.26,85844.97,63761.3,22083.67,0.0,conventional,2015,MiamiFtLauderdale,2015,8,2,0.5906421498242412,0.1782025057031269,0.23097706331980977,Bukan Organic
2015-07-26,1.24,379954.31,233056.82,63065.93,76.64,83754.92,63018.58,20736.34,0.0,conventional,2015,MiamiFtLauderdale,2015,7,26,0.6133811720677679,0.16598293094767105,0.22043418852124613,Bukan Organic
2015-07-12,1.24,402706.71,235985.01,79717.36,87.27,86917.07,61873.39,24836.74,206.94,conventional,2015,MiamiFtLauderdale,2015,7,12,0.5859972137042365,0.197953890562191,0.21583218715178598,Bukan Organic
2015-06-28,1.21,443970.6,259852.13,79482.73,262.36,104373.38,76411.06,27962.32,0.0,conventional,2015,MiamiFtLauderdale,2015,6,28,0.5852913008203697,0.17902701214900266,0.23509074699991397,Bukan Organic
2015-06-14,1.26,437896.64,273373.33,55875.2,9215.34,99432.77,72754.69,26678.08,0.0,conventional,2015,MiamiFtLauderdale,2015,6,14,0.6242873432415467,0.12759906081946643,0.2270690407672459,Bukan Organic
2015-03-29,1.25,370065.74,261045.75,32977.11,87.26,75955.62,47569.63,28385.99,0.0,conventional,2015,MiamiFtLauderdale,2015,3,29,0.7054037209713063,0.08911149137988295,0.2052489917061763,Bukan Organic
2015-03-15,1.33,371716.28,272270.43,35374.87,145.85,63925.13,38984.8,24940.33,0.0,conventional,2015,MiamiFtLauderdale,2015,3,15,0.732468403051919,0.09516631878485386,0.17197290901544585,Bukan Organic
2015-03-08,1.3,356311.66,253963.7,32888.65,62.9,69396.41,47346.87,22049.54,0.0,conventional,2015,MiamiFtLauderdale,2015,3,8,0.712757196887691,0.0923030416686336,0.19476323059425002,Bukan Organic
2015-02-22,1.24,369819.98,256141.1,35032.65,67.64,78578.59,51870.47,26708.12,0.0,conventional,2015,MiamiFtLauderdale,2015,2,22,0.6926102261970811,0.09472892730133187,0.2124779467026092,Bukan Organic
2015-02-15,1.29,353520.71,243991.59,34941.84,77.29,74509.99,38771.73,35738.26,0.0,conventional,2015,MiamiFtLauderdale,2015,2,15,0.6901762275822539,0.09883958424953376,0.2107655588268082,Bukan Organic
2015-02-08,1.25,348210.5,249833.46,35897.43,34.5,62445.11,36164.82,26280.29,0.0,conventional,2015,MiamiFtLauderdale,2015,2,8,0.7174782495071228,0.10309117617073581,0.17933149632190873,Bukan Organic
2015-01-11,1.28,342796.99,242922.42,36043.54,38.69,63792.34,35069.71,28722.63,0.0,conventional,2015,MiamiFtLauderdale,2015,1,11,0.7086480543484353,0.1051454389958325,0.18609364102059356,Bukan Organic
2016-01-17,1.2,430079.07,276253.48,62106.53,292.47,91426.59,61025.39,30401.2,0.0,conventional,2016,MiamiFtLauderdale,2016,1,17,0.6423318391197227,0.14440723655768695,0.2125808865797631,Bukan Organic
