4.projects_machine_learning/08.Avocado_Price_Predictions/dataset/avocado_Cleaning.csv
Date,AveragePrice,Total Volume,size_small,size_medium,size_extralarge,Total Bags,Small Bags,Large Bags,XLarge Bags,type,year,region,Tahun,Bulan,Hari,ratio_small,ratio_medium,ratio_bags,is_organic
2015-12-20,0.98,416298.84,82416.56,134956.77,13276.06,185649.45,185479.46,29.77,140.22,conventional,2015,Portland,2015,12,20,0.1979745127322478,0.3241824310632237,0.44595235960782403,Bukan Organic
2015-12-13,0.93,429103.52,94577.23,162734.28,12487.18,159304.83,159009.01,109.68,186.14,conventional,2015,Portland,2015,12,13,0.22040655830555758,0.3792424727720714,0.3712503453712055,Bukan Organic
2015-11-01,1.06,423475.77,98262.62,182672.87,11993.63,130546.65,130164.27,123.39,258.99,conventional,2015,Portland,2015,11,1,0.23203835251306112,0.43136557730327757,0.30827419004397816,Bukan Organic
2015-09-27,0.9,484598.47,159779.59,187080.35,13101.24,124637.29,124612.73,1.84,22.72,conventional,2015,Portland,2015,9,27,0.3297154239880287,0.38605229191086804,0.257197035723204,Bukan Organic
2015-09-20,0.94,566385.9,121425.14,291367.4,12831.81,140761.55,140535.44,58.92,167.19,conventional,2015,Portland,2015,9,20,0.21438588072196005,0.514432650954058,0.24852587255438383,Bukan Organic
2015-09-13,1.0,535519.29,222536.88,181246.81,15103.06,116632.54,116569.24,22.02,41.28,conventional,2015,Portland,2015,9,13,0.4155534341255942,0.33845057196725814,0.21779334970361194,Bukan Organic
2015-09-06,1.1,465258.45,174913.44,188351.71,13357.86,88635.44,88369.14,231.21,35.09,conventional,2015,Portland,2015,9,6,0.37594898061496784,0.4048324323824747,0.19050796390694247,Bukan Organic
2015-08-30,1.14,427776.92,154462.2,186124.73,13235.52,73954.47,73781.04,138.56,34.87,conventional,2015,Portland,2015,8,30,0.36108119157059715,0.43509764388410677,0.17288092588071372,Bukan Organic
2015-08-23,1.08,545296.58,153011.47,274926.31,15312.9,102045.9,101670.76,332.04,43.1,conventional,2015,Portland,2015,8,23,0.28060229169234846,0.5041775798410473,0.18713834588876388,Bukan Organic
2015-08-16,1.17,465897.27,180693.46,190950.32,15332.72,78920.77,78821.71,94.95,4.11,conventional,2015,Portland,2015,8,16,0.38783970552134805,0.40985498798909037,0.16939521882152261,Bukan Organic
2015-05-24,1.01,606039.09,190231.27,295332.36,15508.11,104967.35,104757.58,136.92,72.85,conventional,2015,Portland,2015,5,24,0.3138927391630794,0.4873156944381261,0.1732022764406171,Bukan Organic
2015-04-26,0.95,571442.54,238672.89,224599.46,13860.48,94309.71,94185.46,85.32,38.93,conventional,2015,Portland,2015,4,26,0.4176673476216874,0.39303944715071437,0.16503795814711308,Bukan Organic
2015-04-19,0.99,610658.64,144514.6,337188.3,13456.08,115499.66,114658.35,690.46,150.85,conventional,2015,Portland,2015,4,19,0.23665365645199093,0.5521715045250157,0.18913948388579255,Bukan Organic
2015-02-22,1.11,495032.46,117115.76,287695.04,15574.43,74647.23,74573.17,74.06,0.0,conventional,2015,Portland,2015,2,22,0.2365819809068682,0.5811639907411323,0.1507925965097319,Bukan Organic
2015-02-08,1.08,447701.68,161940.61,232248.98,13386.63,40125.46,38999.96,1125.5,0.0,conventional,2015,Portland,2015,2,8,0.36171543962041863,0.5187583392584098,0.08962543986879835,Bukan Organic
2015-01-25,1.09,432770.06,131530.29,229573.27,13384.3,58282.2,40428.06,17854.14,0.0,conventional,2015,Portland,2015,1,25,0.3039265008304872,0.5304740119961163,0.13467244014061416,Bukan Organic
2015-01-18,1.11,439617.61,155745.95,220991.54,14692.73,48187.39,34402.17,13785.22,0.0,conventional,2015,Portland,2015,1,18,0.35427595814462487,0.5026903722077921,0.10961205580458891,Bukan Organic
2015-09-27,0.93,491990.83,194526.22,245815.73,14807.56,36841.32,34448.65,2392.67,0.0,conventional,2015,SanDiego,2015,9,27,0.3953858652202928,0.49963477977831416,0.07488212737623585,Bukan Organic
2015-08-02,1.07,500999.15,275822.73,168300.62,12740.87,44134.93,42995.09,1139.84,0.0,conventional,2015,SanDiego,2015,8,2,0.5505453053163862,0.33592995117855984,0.08809382211526706,Bukan Organic
2015-07-12,1.1,490312.63,251056.27,182844.55,14524.67,41887.14,38417.55,3469.59,0.0,conventional,2015,SanDiego,2015,7,12,0.5120330471601353,0.37291421597685537,0.08542945344891482,Bukan Organic
2015-05-24,1.08,477415.68,273672.82,155813.57,13519.38,34409.91,29727.22,4682.69,0.0,conventional,2015,SanDiego,2015,5,24,0.5732380218429357,0.32636877364396577,0.0720753662720085,Bukan Organic
2015-04-26,1.11,435990.48,235664.26,141949.05,14634.32,43742.85,37689.45,6053.4,0.0,conventional,2015,SanDiego,2015,4,26,0.5405261601124869,0.32557832455424257,0.10032982830267304,Bukan Organic
2015-04-19,1.04,488094.98,270328.18,156651.22,13282.24,47833.34,25453.84,22379.5,0.0,conventional,2015,SanDiego,2015,4,19,0.5538433933493846,0.3209441326358243,0.09800006547905901,Bukan Organic
2015-04-12,1.01,515246.69,260591.11,189713.87,14665.62,50276.09,26305.87,23949.07,21.15,conventional,2015,SanDiego,2015,4,12,0.5057598914415151,0.36820007519116715,0.09757673552449216,Bukan Organic
2015-03-29,1.08,450370.85,234361.38,155583.39,14998.04,45428.04,25798.74,19629.3,0.0,conventional,2015,SanDiego,2015,3,29,0.5203742204896254,0.34545617239659276,0.1008680734998724,Bukan Organic
2015-03-22,0.96,515764.64,235106.15,221942.26,14165.05,44551.18,38487.7,6063.48,0.0,conventional,2015,SanDiego,2015,3,22,0.45583999321861224,0.4303169368105576,0.08637889561409251,Bukan Organic
2015-02-08,0.98,448394.83,229118.81,162856.34,14251.47,42168.21,36417.77,5526.46,223.98,conventional,2015,SanDiego,2015,2,8,0.5109755837282959,0.3631985230516596,0.09404258742233937,Bukan Organic
2015-01-25,1.02,406591.11,217747.34,140456.68,13326.97,35060.12,30090.58,4708.25,261.29,conventional,2015,SanDiego,2015,1,25,0.5355437800890432,0.3454494614995394,0.08622943084023653,Bukan Organic
2016-10-30,1.65,270941.97,88975.06,119080.04,14742.36,48144.51,41712.24,6337.0,95.27,conventional,2016,SanDiego,2016,10,30,0.3283915740333622,0.43950385390642877,0.17769306837179935,Bukan Organic
2016-09-11,1.08,498555.72,164685.23,144231.63,12611.44,177027.42,161784.53,15187.89,55.0,conventional,2016,SanDiego,2016,9,11,0.3303246224915442,0.2892989172804998,0.35508051136189955,Bukan Organic
2016-09-04,1.06,550756.68,186260.68,164050.31,12126.32,188319.37,177175.95,10942.03,201.39,conventional,2016,SanDiego,2016,9,4,0.3381905054696749,0.2978634957273691,0.3419284356206083,Bukan Organic
2016-08-21,0.94,578630.39,227977.89,127819.4,13817.35,209015.75,194536.98,14380.16,98.61,conventional,2016,SanDiego,2016,8,21,0.3939957076917443,0.22089990814343505,0.36122497817648325,Bukan Organic
2015-12-27,0.97,376187.98,246326.83,35652.12,56.54,94152.49,55850.56,38301.93,0.0,conventional,2015,Tampa,2015,12,27,0.6547971841099229,0.09477208708263354,0.2502804316076234,Bukan Organic
2015-12-20,1.15,238950.84,146376.83,23810.77,33.84,68729.4,50715.84,18013.56,0.0,conventional,2015,Tampa,2015,12,20,0.6125813577386879,0.09964714917930399,0.28762987399416545,Bukan Organic
2015-12-13,0.96,365643.92,242293.88,40944.16,52.15,82353.73,42015.01,40338.72,0.0,conventional,2015,Tampa,2015,12,13,0.6626498260931017,0.11197823281185697,0.22522931599683102,Bukan Organic
2015-12-06,1.17,227131.21,145404.19,29926.02,43.83,51757.17,33251.65,18505.52,0.0,conventional,2015,Tampa,2015,12,6,0.6401770588903216,0.13175652962884318,0.2278734393217031,Bukan Organic
2015-11-29,0.96,330060.95,213390.26,41026.86,18.37,75625.46,36785.63,38839.83,0.0,conventional,2015,Tampa,2015,11,29,0.6465177416474139,0.12430086018961044,0.22912574177587505,Bukan Organic
2015-11-22,0.97,311784.91,194667.16,39338.15,57.68,77721.92,46934.42,30787.5,0.0,conventional,2015,Tampa,2015,11,22,0.6243636358154729,0.12617079511641538,0.2492805697363609,Bukan Organic
2015-11-15,1.22,236178.67,138482.7,32425.9,51.52,65218.55,43524.24,21691.49,2.82,conventional,2015,Tampa,2015,11,15,0.5863471921490624,0.13729393937225576,0.27614072854250554,Bukan Organic
2015-11-08,1.21,228585.31,135741.88,33351.68,40.46,59451.29,40754.56,18696.73,0.0,conventional,2015,Tampa,2015,11,8,0.5938346606787637,0.14590473902281823,0.2600835985479557,Bukan Organic
2015-11-01,0.97,391514.43,228324.13,72749.38,100.62,90340.3,44449.47,45890.83,0.0,conventional,2015,Tampa,2015,11,1,0.5831819021332113,0.1858153223113641,0.23074577353381331,Bukan Organic
2015-10-25,1.12,234023.9,109048.96,51940.14,43.18,72991.62,35990.35,36998.43,2.84,conventional,2015,Tampa,2015,10,25,0.46597360355074846,0.2219437416434817,0.31189814373660124,Bukan Organic
2015-10-18,1.11,256610.0,112096.12,54378.07,42.22,90093.59,49373.24,40703.27,17.08,conventional,2015,Tampa,2015,10,18,0.4368345738669576,0.2119093955808425,0.35109150072093837,Bukan Organic
2015-09-27,1.13,252128.43,99077.59,70565.14,99.97,82385.73,42717.37,39668.36,0.0,conventional,2015,Tampa,2015,9,27,0.392964767995422,0.27987775912458585,0.32676096860635667,Bukan Organic
2015-09-13,1.1,257374.81,97653.71,69978.38,102.06,89640.66,50111.01,39529.65,0.0,conventional,2015,Tampa,2015,9,13,0.3794221742213234,0.27189288648722076,0.3482883969880347,Bukan Organic
2015-08-30,1.2,262575.33,126060.57,53665.74,149.12,82699.9,64691.49,17980.34,28.07,conventional,2015,Tampa,2015,8,30,0.48009296989172595,0.2043822624158941,0.31495685447677046,Bukan Organic
2015-08-23,1.17,264170.2,126817.4,54873.96,66.95,82411.89,66986.23,15425.66,0.0,conventional,2015,Tampa,2015,8,23,0.48005944652349125,0.20772199135254468,0.3119651270279539,Bukan Organic
2015-08-16,1.17,283647.52,139923.45,50157.8,66.42,93499.85,75599.35,17900.5,0.0,conventional,2015,Tampa,2015,8,16,0.49330045261809446,0.17683144206584284,0.329633941449585,Bukan Organic
2015-08-09,0.97,427229.44,257930.36,58043.78,161.33,111093.97,75694.1,35397.12,2.75,conventional,2015,Tampa,2015,8,9,0.6037279640653977,0.135860908836245,0.2600335079904606,Bukan Organic
2015-08-02,1.18,274423.66,139950.79,50642.05,170.4,83660.42,68312.39,15348.03,0.0,conventional,2015,Tampa,2015,8,2,0.5099807720660822,0.18453966396337695,0.3048586262569343,Bukan Organic
2015-07-26,1.16,265367.52,133615.12,48153.33,115.96,83483.11,67480.1,16003.01,0.0,conventional,2015,Tampa,2015,7,26,0.5035096985493929,0.18145901955145075,0.3145943030254795,Bukan Organic
2015-07-19,0.97,421574.42,258972.92,61716.04,138.6,100746.86,64830.87,35915.99,0.0,conventional,2015,Tampa,2015,7,19,0.6142994159844898,0.14639417638290295,0.23897764005700348,Bukan Organic
2015-07-12,1.17,289138.36,149510.03,54927.82,100.6,84599.91,68163.21,16139.48,297.22,conventional,2015,Tampa,2015,7,12,0.5170881857391735,0.18997071159980294,0.2925931723483526,Bukan Organic
2015-06-28,1.11,325434.49,157030.05,56095.25,108.06,112201.13,94295.35,17905.78,0.0,conventional,2015,Tampa,2015,6,28,0.48252430158831655,0.17237032866430355,0.34477332135263233,Bukan Organic
2015-06-21,0.95,438581.5,262821.95,58036.49,773.09,116949.97,80513.03,36436.94,0.0,conventional,2015,Tampa,2015,6,21,0.5992545285197848,0.13232772016147512,0.2666550458694678,Bukan Organic
2015-06-14,1.17,294964.3,152836.19,39330.6,2087.35,100710.16,82324.41,18385.75,0.0,conventional,2015,Tampa,2015,6,14,0.5181514847729031,0.13334020422132442,0.34143169190305406,Bukan Organic
2015-05-31,1.22,273609.96,181641.14,18121.91,203.98,73642.93,57879.61,15763.32,0.0,conventional,2015,Tampa,2015,5,31,0.6638688883986533,0.06623264006909689,0.26915295773589526,Bukan Organic
2015-05-17,1.18,275260.08,182281.62,18249.86,79.99,74648.61,58505.85,16142.76,0.0,conventional,2015,Tampa,2015,5,17,0.6622159668049213,0.06630042394814388,0.2711930113513009,Bukan Organic
2015-05-10,1.21,287068.69,197831.01,20278.37,88.47,68870.84,53035.85,15834.99,0.0,conventional,2015,Tampa,2015,5,10,0.6891417172663449,0.0706394347638539,0.23991066389023477,Bukan Organic
2015-04-26,1.19,304135.67,203078.44,19757.32,118.14,81181.77,60977.02,19915.86,288.89,conventional,2015,Tampa,2015,4,26,0.6677231907720657,0.06496219269512189,0.2669261714681478,Bukan Organic
2015-04-19,1.16,280464.73,182582.22,19553.08,138.42,78191.01,56279.47,21911.54,0.0,conventional,2015,Tampa,2015,4,19,0.6509988617820145,0.06971671625162994,0.27879088397318263,Bukan Organic
2015-04-05,1.09,354134.22,242307.65,26336.27,193.86,85296.44,51105.07,34191.37,0.0,conventional,2015,Tampa,2015,4,5,0.6842254611824862,0.07436804610410144,0.2408590731502875,Bukan Organic
2015-03-29,1.2,254520.54,169276.36,18562.0,94.15,66588.03,45155.64,21432.39,0.0,conventional,2015,Tampa,2015,3,29,0.6650793684470415,0.0729292810709894,0.2616214392755885,Bukan Organic
2015-03-15,1.25,257172.84,173099.66,19983.36,62.96,64026.86,46495.52,17531.34,0.0,conventional,2015,Tampa,2015,3,15,0.673086862516275,0.07770400637952282,0.24896431520529153,Bukan Organic
2015-03-08,1.22,259317.73,166383.8,19097.27,68.37,73768.29,55747.85,18020.44,0.0,conventional,2015,Tampa,2015,3,8,0.6416213808442638,0.07364428957480076,0.28447067618554267,Bukan Organic
2015-03-01,1.0,373461.94,258084.33,27867.24,38.19,87472.18,50762.76,36709.42,0.0,conventional,2015,Tampa,2015,3,1,0.6910592549270215,0.07461868805158567,0.23421979760507855,Bukan Organic
2015-02-22,1.12,268415.49,167595.76,22043.38,39.19,78737.16,62198.85,16538.31,0.0,conventional,2015,Tampa,2015,2,22,0.6243893003343437,0.08212409797959128,0.2933405966995422,Bukan Organic
2015-02-15,1.21,242478.65,154111.87,20647.04,56.4,67663.34,34123.19,33540.15,0.0,conventional,2015,Tampa,2015,2,15,0.6355688222447625,0.08514992969484118,0.2790486502626107,Bukan Organic
2015-02-08,1.19,236434.37,155193.87,21932.31,59.0,59249.19,25516.89,33732.3,0.0,conventional,2015,Tampa,2015,2,8,0.6563930193397854,0.09276278233151974,0.2505946576210557,Bukan Organic
2015-01-25,1.21,260471.23,161291.0,30244.52,40.52,68895.19,30325.33,38569.86,0.0,conventional,2015,Tampa,2015,1,25,0.6192276974313056,0.11611462809155544,0.26450211027144915,Bukan Organic
2015-01-18,1.27,228920.62,132142.6,33674.07,37.38,63066.57,25006.34,38060.23,0.0,conventional,2015,Tampa,2015,1,18,0.5772420151579181,0.14709933076365073,0.2754953660356153,Bukan Organic
2015-01-11,1.24,235231.08,142237.71,36017.93,56.25,56919.19,19605.39,37313.8,0.0,conventional,2015,Tampa,2015,1,11,0.6046722652465822,0.15311722413551815,0.2419713840535018,Bukan Organic
2015-01-04,0.97,339909.13,226346.7,37517.53,53.15,75991.75,33447.51,42544.24,0.0,conventional,2015,Tampa,2015,1,4,0.6659035607546052,0.11037517585950103,0.22356489806555063,Bukan Organic
2016-03-06,1.08,331997.49,149559.05,67539.98,20.59,114877.87,62840.15,52037.72,0.0,conventional,2016,Tampa,2016,3,6,0.4504824720210987,0.20343521271802387,0.3460202967197131,Bukan Organic
2016-02-21,1.05,321995.93,146660.22,67636.88,75.71,107623.12,55694.57,51928.55,0.0,conventional,2016,Tampa,2016,2,21,0.4554722787955736,0.21005507740423926,0.33423751660463535,Bukan Organic
2016-02-14,1.0,329879.07,160675.05,76135.86,78.63,92989.53,56730.92,36258.61,0.0,conventional,2016,Tampa,2016,2,14,0.4870725808703171,0.23079930472703225,0.28188975432724483,Bukan Organic
2016-01-17,1.05,304269.38,138371.21,49996.61,101.81,115799.75,70537.04,45235.19,27.52,conventional,2016,Tampa,2016,1,17,0.45476547788016,0.16431692863738045,0.3805829886661615,Bukan Organic
2016-01-03,1.07,375548.86,226406.25,46447.87,133.9,102560.84,69223.85,33336.99,0.0,conventional,2016,Tampa,2016,1,3,0.6028676268648506,0.12367996537121695,0.27309586294576954,Bukan Organic
